---
http_interactions:
- request:
    method: post
    uri: http://localhost:9200/kelasi_test_users/user/2
    body:
      encoding: UTF-8
      string: '{"id":2,"first_name":"John","last_name":"Doe","universities":[],"current_universities":[]}'
    headers:
      Accept:
      - "*/*; q=0.5, application/xml"
      Accept-Encoding:
      - gzip, deflate
      Content-Length:
      - '90'
      User-Agent:
      - Ruby
  response:
    status:
      code: 200
      message: OK
    headers:
      Content-Type:
      - application/json; charset=UTF-8
      Content-Length:
      - '85'
    body:
      encoding: UTF-8
      string: '{"_index":"kelasi_test_users","_type":"user","_id":"2","_version":81,"created":false}'
    http_version: 
  recorded_at: Sun, 15 Jun 2014 08:11:48 GMT
- request:
    method: post
    uri: http://localhost:9200/kelasi_test_users/user/3
    body:
      encoding: UTF-8
      string: '{"id":3,"first_name":"John","last_name":"Doe","universities":[],"current_universities":[]}'
    headers:
      Accept:
      - "*/*; q=0.5, application/xml"
      Accept-Encoding:
      - gzip, deflate
      Content-Length:
      - '90'
      User-Agent:
      - Ruby
  response:
    status:
      code: 200
      message: OK
    headers:
      Content-Type:
      - application/json; charset=UTF-8
      Content-Length:
      - '85'
    body:
      encoding: UTF-8
      string: '{"_index":"kelasi_test_users","_type":"user","_id":"3","_version":57,"created":false}'
    http_version: 
  recorded_at: Sun, 15 Jun 2014 08:11:48 GMT
- request:
    method: post
    uri: http://localhost:9200/kelasi_test_users/user/4
    body:
      encoding: UTF-8
      string: '{"id":4,"first_name":"John","last_name":"Doe","universities":[],"current_universities":[]}'
    headers:
      Accept:
      - "*/*; q=0.5, application/xml"
      Accept-Encoding:
      - gzip, deflate
      Content-Length:
      - '90'
      User-Agent:
      - Ruby
  response:
    status:
      code: 200
      message: OK
    headers:
      Content-Type:
      - application/json; charset=UTF-8
      Content-Length:
      - '85'
    body:
      encoding: UTF-8
      string: '{"_index":"kelasi_test_users","_type":"user","_id":"4","_version":52,"created":false}'
    http_version: 
  recorded_at: Sun, 15 Jun 2014 08:11:48 GMT
- request:
    method: post
    uri: http://localhost:9200/kelasi_test_users/user/5
    body:
      encoding: UTF-8
      string: '{"id":5,"first_name":"John","last_name":"Doe","universities":[],"current_universities":[]}'
    headers:
      Accept:
      - "*/*; q=0.5, application/xml"
      Accept-Encoding:
      - gzip, deflate
      Content-Length:
      - '90'
      User-Agent:
      - Ruby
  response:
    status:
      code: 200
      message: OK
    headers:
      Content-Type:
      - application/json; charset=UTF-8
      Content-Length:
      - '85'
    body:
      encoding: UTF-8
      string: '{"_index":"kelasi_test_users","_type":"user","_id":"5","_version":52,"created":false}'
    http_version: 
  recorded_at: Sun, 15 Jun 2014 08:11:48 GMT
- request:
    method: post
    uri: http://localhost:9200/kelasi_test_users/user/6
    body:
      encoding: UTF-8
      string: '{"id":6,"first_name":"John","last_name":"Doe","universities":[],"current_universities":[]}'
    headers:
      Accept:
      - "*/*; q=0.5, application/xml"
      Accept-Encoding:
      - gzip, deflate
      Content-Length:
      - '90'
      User-Agent:
      - Ruby
  response:
    status:
      code: 200
      message: OK
    headers:
      Content-Type:
      - application/json; charset=UTF-8
      Content-Length:
      - '85'
    body:
      encoding: UTF-8
      string: '{"_index":"kelasi_test_users","_type":"user","_id":"6","_version":52,"created":false}'
    http_version: 
  recorded_at: Sun, 15 Jun 2014 08:11:48 GMT
- request:
    method: post
    uri: http://localhost:9200/kelasi_test_users/user/7
    body:
      encoding: UTF-8
      string: '{"id":7,"first_name":"John","last_name":"Doe","universities":[],"current_universities":[]}'
    headers:
      Accept:
      - "*/*; q=0.5, application/xml"
      Accept-Encoding:
      - gzip, deflate
      Content-Length:
      - '90'
      User-Agent:
      - Ruby
  response:
    status:
      code: 200
      message: OK
    headers:
      Content-Type:
      - application/json; charset=UTF-8
      Content-Length:
      - '85'
    body:
      encoding: UTF-8
      string: '{"_index":"kelasi_test_users","_type":"user","_id":"7","_version":52,"created":false}'
    http_version: 
  recorded_at: Sun, 15 Jun 2014 08:11:49 GMT
- request:
    method: post
    uri: http://localhost:9200/kelasi_test_users/user/8
    body:
      encoding: UTF-8
      string: '{"id":8,"first_name":"John","last_name":"Doe","universities":[],"current_universities":[]}'
    headers:
      Accept:
      - "*/*; q=0.5, application/xml"
      Accept-Encoding:
      - gzip, deflate
      Content-Length:
      - '90'
      User-Agent:
      - Ruby
  response:
    status:
      code: 200
      message: OK
    headers:
      Content-Type:
      - application/json; charset=UTF-8
      Content-Length:
      - '85'
    body:
      encoding: UTF-8
      string: '{"_index":"kelasi_test_users","_type":"user","_id":"8","_version":29,"created":false}'
    http_version: 
  recorded_at: Sun, 15 Jun 2014 08:11:49 GMT
recorded_with: VCR 2.9.2
